Archive member included to satisfy reference by file (symbol)

C:/ST/STM32CubeCLT_1.16.0/GNU-tools-for-STM32/bin/../lib/gcc/arm-none-eabi/12.3.1/../../../../arm-none-eabi/lib/thumb/v7e-m+fp/hard\libc_nano.a(libc_a-exit.o)
                              C:/ST/STM32CubeCLT_1.16.0/GNU-tools-for-STM32/bin/../lib/gcc/arm-none-eabi/12.3.1/../../../../arm-none-eabi/lib/thumb/v7e-m+fp/hard/crt0.o (exit)
C:/ST/STM32CubeCLT_1.16.0/GNU-tools-for-STM32/bin/../lib/gcc/arm-none-eabi/12.3.1/../../../../arm-none-eabi/lib/thumb/v7e-m+fp/hard\libc_nano.a(libc_a-findfp.o)
                              C:/ST/STM32CubeCLT_1.16.0/GNU-tools-for-STM32/bin/../lib/gcc/arm-none-eabi/12.3.1/../../../../arm-none-eabi/lib/thumb/v7e-m+fp/hard\libc_nano.a(libc_a-exit.o) (__stdio_exit_handler)
C:/ST/STM32CubeCLT_1.16.0/GNU-tools-for-STM32/bin/../lib/gcc/arm-none-eabi/12.3.1/../../../../arm-none-eabi/lib/thumb/v7e-m+fp/hard\libc_nano.a(libc_a-fwalk.o)
                              C:/ST/STM32CubeCLT_1.16.0/GNU-tools-for-STM32/bin/../lib/gcc/arm-none-eabi/12.3.1/../../../../arm-none-eabi/lib/thumb/v7e-m+fp/hard\libc_nano.a(libc_a-findfp.o) (_fwalk_sglue)
C:/ST/STM32CubeCLT_1.16.0/GNU-tools-for-STM32/bin/../lib/gcc/arm-none-eabi/12.3.1/../../../../arm-none-eabi/lib/thumb/v7e-m+fp/hard\libc_nano.a(libc_a-stdio.o)
                              C:/ST/STM32CubeCLT_1.16.0/GNU-tools-for-STM32/bin/../lib/gcc/arm-none-eabi/12.3.1/../../../../arm-none-eabi/lib/thumb/v7e-m+fp/hard\libc_nano.a(libc_a-findfp.o) (__sread)
C:/ST/STM32CubeCLT_1.16.0/GNU-tools-for-STM32/bin/../lib/gcc/arm-none-eabi/12.3.1/../../../../arm-none-eabi/lib/thumb/v7e-m+fp/hard\libc_nano.a(libc_a-memset.o)
                              C:/ST/STM32CubeCLT_1.16.0/GNU-tools-for-STM32/bin/../lib/gcc/arm-none-eabi/12.3.1/../../../../arm-none-eabi/lib/thumb/v7e-m+fp/hard/crt0.o (memset)
C:/ST/STM32CubeCLT_1.16.0/GNU-tools-for-STM32/bin/../lib/gcc/arm-none-eabi/12.3.1/../../../../arm-none-eabi/lib/thumb/v7e-m+fp/hard\libc_nano.a(libc_a-closer.o)
                              C:/ST/STM32CubeCLT_1.16.0/GNU-tools-for-STM32/bin/../lib/gcc/arm-none-eabi/12.3.1/../../../../arm-none-eabi/lib/thumb/v7e-m+fp/hard\libc_nano.a(libc_a-stdio.o) (_close_r)
C:/ST/STM32CubeCLT_1.16.0/GNU-tools-for-STM32/bin/../lib/gcc/arm-none-eabi/12.3.1/../../../../arm-none-eabi/lib/thumb/v7e-m+fp/hard\libc_nano.a(libc_a-reent.o)
                              C:/ST/STM32CubeCLT_1.16.0/GNU-tools-for-STM32/bin/../lib/gcc/arm-none-eabi/12.3.1/../../../../arm-none-eabi/lib/thumb/v7e-m+fp/hard\libc_nano.a(libc_a-closer.o) (errno)
C:/ST/STM32CubeCLT_1.16.0/GNU-tools-for-STM32/bin/../lib/gcc/arm-none-eabi/12.3.1/../../../../arm-none-eabi/lib/thumb/v7e-m+fp/hard\libc_nano.a(libc_a-impure.o)
                              C:/ST/STM32CubeCLT_1.16.0/GNU-tools-for-STM32/bin/../lib/gcc/arm-none-eabi/12.3.1/../../../../arm-none-eabi/lib/thumb/v7e-m+fp/hard\libc_nano.a(libc_a-reent.o) (_impure_ptr)
C:/ST/STM32CubeCLT_1.16.0/GNU-tools-for-STM32/bin/../lib/gcc/arm-none-eabi/12.3.1/../../../../arm-none-eabi/lib/thumb/v7e-m+fp/hard\libc_nano.a(libc_a-lseekr.o)
                              C:/ST/STM32CubeCLT_1.16.0/GNU-tools-for-STM32/bin/../lib/gcc/arm-none-eabi/12.3.1/../../../../arm-none-eabi/lib/thumb/v7e-m+fp/hard\libc_nano.a(libc_a-stdio.o) (_lseek_r)
C:/ST/STM32CubeCLT_1.16.0/GNU-tools-for-STM32/bin/../lib/gcc/arm-none-eabi/12.3.1/../../../../arm-none-eabi/lib/thumb/v7e-m+fp/hard\libc_nano.a(libc_a-readr.o)
                              C:/ST/STM32CubeCLT_1.16.0/GNU-tools-for-STM32/bin/../lib/gcc/arm-none-eabi/12.3.1/../../../../arm-none-eabi/lib/thumb/v7e-m+fp/hard\libc_nano.a(libc_a-stdio.o) (_read_r)
C:/ST/STM32CubeCLT_1.16.0/GNU-tools-for-STM32/bin/../lib/gcc/arm-none-eabi/12.3.1/../../../../arm-none-eabi/lib/thumb/v7e-m+fp/hard\libc_nano.a(libc_a-writer.o)
                              C:/ST/STM32CubeCLT_1.16.0/GNU-tools-for-STM32/bin/../lib/gcc/arm-none-eabi/12.3.1/../../../../arm-none-eabi/lib/thumb/v7e-m+fp/hard\libc_nano.a(libc_a-stdio.o) (_write_r)
C:/ST/STM32CubeCLT_1.16.0/GNU-tools-for-STM32/bin/../lib/gcc/arm-none-eabi/12.3.1/../../../../arm-none-eabi/lib/thumb/v7e-m+fp/hard\libc_nano.a(libc_a-init.o)
                              C:/ST/STM32CubeCLT_1.16.0/GNU-tools-for-STM32/bin/../lib/gcc/arm-none-eabi/12.3.1/../../../../arm-none-eabi/lib/thumb/v7e-m+fp/hard/crt0.o (__libc_init_array)
C:/ST/STM32CubeCLT_1.16.0/GNU-tools-for-STM32/bin/../lib/gcc/arm-none-eabi/12.3.1/../../../../arm-none-eabi/lib/thumb/v7e-m+fp/hard\libc_nano.a(libc_a-lock.o)
                              C:/ST/STM32CubeCLT_1.16.0/GNU-tools-for-STM32/bin/../lib/gcc/arm-none-eabi/12.3.1/../../../../arm-none-eabi/lib/thumb/v7e-m+fp/hard\libc_nano.a(libc_a-findfp.o) (__retarget_lock_init_recursive)
C:/ST/STM32CubeCLT_1.16.0/GNU-tools-for-STM32/bin/../lib/gcc/arm-none-eabi/12.3.1/../../../../arm-none-eabi/lib/thumb/v7e-m+fp/hard\libc_nano.a(libc_a-freer.o)
[...]
Memory Configuration

Name             Origin             Length             Attributes
RAM              0x20000000         0x00020000         xrw
FLASH            0x08000000         0x00080000         xr
*default*        0x00000000         0xffffffff

Linker script and memory map

LOAD C:/ST/STM32CubeCLT_1.16.0/GNU-tools-for-STM32/bin/../lib/gcc/arm-none-eabi/12.3.1/thumb/v7e-m+fp/hard/crti.o
LOAD C:/ST/STM32CubeCLT_1.16.0/GNU-tools-for-STM32/bin/../lib/gcc/arm-none-eabi/12.3.1/thumb/v7e-m+fp/hard/crtbegin.o
LOAD C:/ST/STM32CubeCLT_1.16.0/GNU-tools-for-STM32/bin/../lib/gcc/arm-none-eabi/12.3.1/../../../../arm-none-eabi/lib/thumb/v7e-m+fp/hard/crt0.o
START GROUP
LOAD C:/ST/STM32CubeCLT_1.16.0/GNU-tools-for-STM32/bin/../lib/gcc/arm-none-eabi/12.3.1/../../../../arm-none-eabi/lib/thumb/v7e-m+fp/hard\libc_nano.a
LOAD C:/ST/STM32CubeCLT_1.16.0/GNU-tools-for-STM32/bin/../lib/gcc/arm-none-eabi/12.3.1/../../../../arm-none-eabi/lib/thumb/v7e-m+fp/hard\libm.a
END GROUP
LOAD CMakeFiles/STM32base.dir/Core/Src/main.c.obj
LOAD CMakeFiles/STM32base.dir/Core/Src/stm32f4xx_it.c.obj
LOAD CMakeFiles/STM32base.dir/Core/Src/stm32f4xx_hal_msp.c.obj
LOAD CMakeFiles/STM32base.dir/Drivers/STM32F4xx_HAL_Driver/Src/stm32f4xx_hal_tim.c.obj
LOAD CMakeFiles/STM32base.dir/Drivers/STM32F4xx_HAL_Driver/Src/stm32f4xx_hal_tim_ex.c.obj
LOAD CMakeFiles/STM32base.dir/Drivers/STM32F4xx_HAL_Driver/Src/stm32f4xx_hal_rcc.c.obj
LOAD CMakeFiles/STM32base.dir/Drivers/STM32F4xx_HAL_Driver/Src/stm32f4xx_hal_rcc_ex.c.obj
LOAD CMakeFiles/STM32base.dir/Drivers/STM32F4xx_HAL_Driver/Src/stm32f4xx_hal_flash.c.obj
LOAD CMakeFiles/STM32base.dir/Drivers/STM32F4xx_HAL_Driver/Src/stm32f4xx_hal_flash_ex.c.obj
LOAD CMakeFiles/STM32base.dir/Drivers/STM32F4xx_HAL_Driver/Src/stm32f4xx_hal_flash_ramfunc.c.obj
LOAD CMakeFiles/STM32base.dir/Drivers/STM32F4xx_HAL_Driver/Src/stm32f4xx_hal_gpio.c.obj
LOAD CMakeFiles/STM32base.dir/Drivers/STM32F4xx_HAL_Driver/Src/stm32f4xx_hal_dma_ex.c.obj
LOAD CMakeFiles/STM32base.dir/Drivers/STM32F4xx_HAL_Driver/Src/stm32f4xx_hal_dma.c.obj
LOAD CMakeFiles/STM32base.dir/Drivers/STM32F4xx_HAL_Driver/Src/stm32f4xx_hal_pwr.c.obj
LOAD CMakeFiles/STM32base.dir/Drivers/STM32F4xx_HAL_Driver/Src/stm32f4xx_hal_pwr_ex.c.obj
LOAD CMakeFiles/STM32base.dir/Drivers/STM32F4xx_HAL_Driver/Src/stm32f4xx_hal_cortex.c.obj
LOAD CMakeFiles/STM32base.dir/Drivers/STM32F4xx_HAL_Driver/Src/stm32f4xx_hal.c.obj
LOAD CMakeFiles/STM32base.dir/Drivers/STM32F4xx_HAL_Driver/Src/stm32f4xx_hal_exti.c.obj
LOAD CMakeFiles/STM32base.dir/Core/Src/system_stm32f4xx.c.obj
LOAD CMakeFiles/STM32base.dir/Core/Src/sysmem.c.obj
LOAD CMakeFiles/STM32base.dir/Core/Src/syscalls.c.obj
LOAD CMakeFiles/STM32base.dir/startup_stm32f411xe.s.obj
START GROUP
LOAD C:/ST/STM32CubeCLT_1.16.0/GNU-tools-for-STM32/bin/../lib/gcc/arm-none-eabi/12.3.1/thumb/v7e-m+fp/hard\libgcc.a
LOAD C:/ST/STM32CubeCLT_1.16.0/GNU-tools-for-STM32/bin/../lib/gcc/arm-none-eabi/12.3.1/../../../../arm-none-eabi/lib/thumb/v7e-m+fp/hard\libg_nano.a
LOAD C:/ST/STM32CubeCLT_1.16.0/GNU-tools-for-STM32/bin/../lib/gcc/arm-none-eabi/12.3.1/../../../../arm-none-eabi/lib/thumb/v7e-m+fp/hard\libc_nano.a
END GROUP
START GROUP
LOAD C:/ST/STM32CubeCLT_1.16.0/GNU-tools-for-STM32/bin/../lib/gcc/arm-none-eabi/12.3.1/thumb/v7e-m+fp/hard\libgcc.a
LOAD C:/ST/STM32CubeCLT_1.16.0/GNU-tools-for-STM32/bin/../lib/gcc/arm-none-eabi/12.3.1/../../../../arm-none-eabi/lib/thumb/v7e-m+fp/hard\libc_nano.a
END GROUP
LOAD C:/ST/STM32CubeCLT_1.16.0/GNU-tools-for-STM32/bin/../lib/gcc/arm-none-eabi/12.3.1/thumb/v7e-m+fp/hard/crtend.o
LOAD C:/ST/STM32CubeCLT_1.16.0/GNU-tools-for-STM32/bin/../lib/gcc/arm-none-eabi/12.3.1/thumb/v7e-m+fp/hard/crtn.o
                0x20020000                        _estack = (ORIGIN (RAM) + LENGTH (RAM))
                0x00000200                        _Min_Heap_Size = 0x200
                0x00000400                        _Min_Stack_Size = 0x400

.isr_vector     0x08000000      0x198
                0x08000000                        . = ALIGN (0x4)
 *(.isr_vector)
 .isr_vector    0x08000000      0x198 CMakeFiles/STM32base.dir/startup_stm32f411xe.s.obj
                0x08000000                g_pfnVectors
                0x08000198                        . = ALIGN (0x4)

.text           0x08000198     0x153c
                0x08000198                        . = ALIGN (0x4)
 *(.text)
 .text          0x08000198       0x40 C:/ST/STM32CubeCLT_1.16.0/GNU-tools-for-STM32/bin/../lib/gcc/arm-none-eabi/12.3.1/thumb/v7e-m+fp/hard/crtbegin.o
 .text          0x080001d8       0x30 C:/ST/STM32CubeCLT_1.16.0/GNU-tools-for-STM32/bin/../lib/gcc/arm-none-eabi/12.3.1/thumb/v7e-m+fp/hard\libgcc.a(_aeabi_uldivmod.o)
                0x080001d8                __aeabi_uldivmod
 .text          0x08000208      0x2bc C:/ST/STM32CubeCLT_1.16.0/GNU-tools-for-STM32/bin/../lib/gcc/arm-none-eabi/12.3.1/thumb/v7e-m+fp/hard\libgcc.a(_udivmoddi4.o)
                0x08000208                __udivmoddi4
 .text          0x080004c4        0x4 C:/ST/STM32CubeCLT_1.16.0/GNU-tools-for-STM32/bin/../lib/gcc/arm-none-eabi/12.3.1/thumb/v7e-m+fp/hard\libgcc.a(_dvmd_tls.o)
                0x080004c4                __aeabi_idiv0
                0x080004c4                __aeabi_ldiv0
 *(.text*)
 .text.memset   0x080004c8       0x10 C:/ST/STM32CubeCLT_1.16.0/GNU-tools-for-STM32/bin/../lib/gcc/arm-none-eabi/12.3.1/../../../../arm-none-eabi/lib/thumb/v7e-m+fp/hard\libc_nano.a(libc_a-memset.o)
                0x080004c8                memset
 .text.__libc_init_array
                0x080004d8       0x48 C:/ST/STM32CubeCLT_1.16.0/GNU-tools-for-STM32/bin/../lib/gcc/arm-none-eabi/12.3.1/../../../../arm-none-eabi/lib/thumb/v7e-m+fp/hard\libc_nano.a(libc_a-init.o)
                0x080004d8                __libc_init_array
 .text.main     0x08000520       0x28 CMakeFiles/STM32base.dir/Core/Src/main.c.obj
                0x08000520                main
 .text.SystemClock_Config
                0x08000548       0xd0 CMakeFiles/STM32base.dir/Core/Src/main.c.obj
                0x08000548                SystemClock_Config
 .text.MX_GPIO_Init
                0x08000618       0xc0 CMakeFiles/STM32base.dir/Core/Src/main.c.obj
 .text.Error_Handler
                0x080006d8        0xc CMakeFiles/STM32base.dir/Core/Src/main.c.obj
                0x080006d8                Error_Handler
 .text.NMI_Handler
                0x080006e4        0x8 CMakeFiles/STM32base.dir/Core/Src/stm32f4xx_it.c.obj
                0x080006e4                NMI_Handler
 .text.HardFault_Handler
                0x080006ec        0x8 CMakeFiles/STM32base.dir/Core/Src/stm32f4xx_it.c.obj
                0x080006ec                HardFault_Handler
 .text.MemManage_Handler
                0x080006f4        0x8 CMakeFiles/STM32base.dir/Core/Src/stm32f4xx_it.c.obj
                0x080006f4                MemManage_Handler
 .text.BusFault_Handler
                0x080006fc        0x8 CMakeFiles/STM32base.dir/Core/Src/stm32f4xx_it.c.obj
                0x080006fc                BusFault_Handler
 .text.UsageFault_Handler
                0x08000704        0x8 CMakeFiles/STM32base.dir/Core/Src/stm32f4xx_it.c.obj
                0x08000704                UsageFault_Handler
 .text.SVC_Handler
                0x0800070c        0xe CMakeFiles/STM32base.dir/Core/Src/stm32f4xx_it.c.obj
                0x0800070c                SVC_Handler
 .text.DebugMon_Handler
                0x0800071a        0xe CMakeFiles/STM32base.dir/Core/Src/stm32f4xx_it.c.obj
                0x0800071a                DebugMon_Handler
 .text.PendSV_Handler
                0x08000728        0xe CMakeFiles/STM32base.dir/Core/Src/stm32f4xx_it.c.obj
                0x08000728                PendSV_Handler
 .text.SysTick_Handler
                0x08000736        0xc CMakeFiles/STM32base.dir/Core/Src/stm32f4xx_it.c.obj
                0x08000736                SysTick_Handler
 *fill*         0x08000742        0x2 
 .text.HAL_MspInit
                0x08000744       0x50 CMakeFiles/STM32base.dir/Core/Src/stm32f4xx_hal_msp.c.obj
                0x08000744                HAL_MspInit
 .text.HAL_RCC_OscConfig
                0x08000794      0x4f0 CMakeFiles/STM32base.dir/Drivers/STM32F4xx_HAL_Driver/Src/stm32f4xx_hal_rcc.c.obj
                0x08000794                HAL_RCC_OscConfig
 .text.HAL_RCC_ClockConfig
                0x08000c84      0x1cc CMakeFiles/STM32base.dir/Drivers/STM32F4xx_HAL_Driver/Src/stm32f4xx_hal_rcc.c.obj
                0x08000c84                HAL_RCC_ClockConfig
 .text.HAL_RCC_GetSysClockFreq
                0x08000e50      0x18c CMakeFiles/STM32base.dir/Drivers/STM32F4xx_HAL_Driver/Src/stm32f4xx_hal_rcc.c.obj
                0x08000e50                HAL_RCC_GetSysClockFreq
 .text.HAL_GPIO_Init
                0x08000fdc      0x308 CMakeFiles/STM32base.dir/Drivers/STM32F4xx_HAL_Driver/Src/stm32f4xx_hal_gpio.c.obj
                0x08000fdc                HAL_GPIO_Init
 .text.HAL_GPIO_WritePin
                0x080012e4       0x32 CMakeFiles/STM32base.dir/Drivers/STM32F4xx_HAL_Driver/Src/stm32f4xx_hal_gpio.c.obj
                0x080012e4                HAL_GPIO_WritePin
 .text.HAL_GPIO_TogglePin
                0x08001316       0x34 CMakeFiles/STM32base.dir/Drivers/STM32F4xx_HAL_Driver/Src/stm32f4xx_hal_gpio.c.obj
                0x08001316                HAL_GPIO_TogglePin
 *fill*         0x0800134a        0x2 
 .text.__NVIC_SetPriorityGrouping
                0x0800134c       0x48 CMakeFiles/STM32base.dir/Drivers/STM32F4xx_HAL_Driver/Src/stm32f4xx_hal_cortex.c.obj
 .text.__NVIC_GetPriorityGrouping
                0x08001394       0x1c CMakeFiles/STM32base.dir/Drivers/STM32F4xx_HAL_Driver/Src/stm32f4xx_hal_cortex.c.obj
 .text.__NVIC_SetPriority
                0x080013b0       0x54 CMakeFiles/STM32base.dir/Drivers/STM32F4xx_HAL_Driver/Src/stm32f4xx_hal_cortex.c.obj
 .text.NVIC_EncodePriority
                0x08001404       0x66 CMakeFiles/STM32base.dir/Drivers/STM32F4xx_HAL_Driver/Src/stm32f4xx_hal_cortex.c.obj
 *fill*         0x0800146a        0x2 
 .text.SysTick_Config
                0x0800146c       0x44 CMakeFiles/STM32base.dir/Drivers/STM32F4xx_HAL_Driver/Src/stm32f4xx_hal_cortex.c.obj
 .text.HAL_NVIC_SetPriorityGrouping
                0x080014b0       0x16 CMakeFiles/STM32base.dir/Drivers/STM32F4xx_HAL_Driver/Src/stm32f4xx_hal_cortex.c.obj
                0x080014b0                HAL_NVIC_SetPriorityGrouping
 .text.HAL_NVIC_SetPriority
                0x080014c6       0x38 CMakeFiles/STM32base.dir/Drivers/STM32F4xx_HAL_Driver/Src/stm32f4xx_hal_cortex.c.obj
                0x080014c6                HAL_NVIC_SetPriority
 .text.HAL_SYSTICK_Config
                0x080014fe       0x18 CMakeFiles/STM32base.dir/Drivers/STM32F4xx_HAL_Driver/Src/stm32f4xx_hal_cortex.c.obj
                0x080014fe                HAL_SYSTICK_Config
 *fill*         0x08001516        0x2 
 .text.HAL_Init
                0x08001518       0x44 CMakeFiles/STM32base.dir/Drivers/STM32F4xx_HAL_Driver/Src/stm32f4xx_hal.c.obj
                0x08001518                HAL_Init
 .text.HAL_InitTick
                0x0800155c       0x60 CMakeFiles/STM32base.dir/Drivers/STM32F4xx_HAL_Driver/Src/stm32f4xx_hal.c.obj
                0x0800155c                HAL_InitTick
 .text.HAL_IncTick
                0x080015bc       0x28 CMakeFiles/STM32base.dir/Drivers/STM32F4xx_HAL_Driver/Src/stm32f4xx_hal.c.obj
                0x080015bc                HAL_IncTick
 .text.HAL_GetTick
                0x080015e4       0x18 CMakeFiles/STM32base.dir/Drivers/STM32F4xx_HAL_Driver/Src/stm32f4xx_hal.c.obj
                0x080015e4                HAL_GetTick
 .text.HAL_Delay
                0x080015fc       0x48 CMakeFiles/STM32base.dir/Drivers/STM32F4xx_HAL_Driver/Src/stm32f4xx_hal.c.obj
                0x080015fc                HAL_Delay
 .text.SystemInit
                0x08001644       0x24 CMakeFiles/STM32base.dir/Core/Src/system_stm32f4xx.c.obj
                0x08001644                SystemInit
 .text.Reset_Handler
                0x08001668       0x50 CMakeFiles/STM32base.dir/startup_stm32f411xe.s.obj
                0x08001668                Reset_Handler
 .text.Default_Handler
                0x080016b8        0x2 CMakeFiles/STM32base.dir/startup_stm32f411xe.s.obj
                0x080016b8                RTC_Alarm_IRQHandler
                0x080016b8                EXTI2_IRQHandler
                0x080016b8                SPI4_IRQHandler
                0x080016b8                TIM1_CC_IRQHandler
                0x080016b8                DMA2_Stream5_IRQHandler
                0x080016b8                DMA1_Stream5_IRQHandler
                0x080016b8                PVD_IRQHandler
                0x080016b8                SDIO_IRQHandler
                0x080016b8                TAMP_STAMP_IRQHandler
                0x080016b8                EXTI3_IRQHandler
                0x080016b8                TIM1_UP_TIM10_IRQHandler
                0x080016b8                I2C3_ER_IRQHandler
                0x080016b8                EXTI0_IRQHandler
                0x080016b8                I2C2_EV_IRQHandler
                0x080016b8                DMA1_Stream2_IRQHandler
                0x080016b8                FPU_IRQHandler
                0x080016b8                DMA2_Stream2_IRQHandler
                0x080016b8                SPI1_IRQHandler
                0x080016b8                TIM1_BRK_TIM9_IRQHandler
                0x080016b8                DMA2_Stream3_IRQHandler
                0x080016b8                USART6_IRQHandler
                0x080016b8                DMA2_Stream0_IRQHandler
                0x080016b8                TIM4_IRQHandler
                0x080016b8                I2C1_EV_IRQHandler
                0x080016b8                DMA1_Stream6_IRQHandler
                0x080016b8                DMA1_Stream1_IRQHandler
                0x080016b8                TIM3_IRQHandler
                0x080016b8                RCC_IRQHandler
                0x080016b8                Default_Handler
                0x080016b8                EXTI15_10_IRQHandler
                0x080016b8                ADC_IRQHandler
                0x080016b8                DMA1_Stream7_IRQHandler
                0x080016b8                SPI5_IRQHandler
                0x080016b8                TIM5_IRQHandler
                0x080016b8                DMA2_Stream7_IRQHandler
                0x080016b8                I2C3_EV_IRQHandler
                0x080016b8                EXTI9_5_IRQHandler
                0x080016b8                RTC_WKUP_IRQHandler
                0x080016b8                SPI2_IRQHandler
                0x080016b8                DMA1_Stream0_IRQHandler
                0x080016b8                EXTI4_IRQHandler
                0x080016b8                WWDG_IRQHandler
                0x080016b8                TIM2_IRQHandler
                0x080016b8                OTG_FS_WKUP_IRQHandler
                0x080016b8                TIM1_TRG_COM_TIM11_IRQHandler
                0x080016b8                EXTI1_IRQHandler
                0x080016b8                USART2_IRQHandler
                0x080016b8                I2C2_ER_IRQHandler
                0x080016b8                DMA2_Stream1_IRQHandler
                0x080016b8                FLASH_IRQHandler
                0x080016b8                DMA2_Stream4_IRQHandler
                0x080016b8                USART1_IRQHandler
                0x080016b8                OTG_FS_IRQHandler
                0x080016b8                SPI3_IRQHandler
                0x080016b8                DMA1_Stream4_IRQHandler
                0x080016b8                I2C1_ER_IRQHandler
                0x080016b8                DMA2_Stream6_IRQHandler
                0x080016b8                DMA1_Stream3_IRQHandler
 *(.glue_7)
 .glue_7        0x080016ba        0x0 linker stubs
 *(.glue_7t)
 .glue_7t       0x080016ba        0x0 linker stubs
 *(.eh_frame)
 *fill*         0x080016ba        0x2 
 .eh_frame      0x080016bc        0x0 C:/ST/STM32CubeCLT_1.16.0/GNU-tools-for-STM32/bin/../lib/gcc/arm-none-eabi/12.3.1/thumb/v7e-m+fp/hard/crtbegin.o
 *(.init)
 .init          0x080016bc        0x4 C:/ST/STM32CubeCLT_1.16.0/GNU-tools-for-STM32/bin/../lib/gcc/arm-none-eabi/12.3.1/thumb/v7e-m+fp/hard/crti.o
                0x080016bc                _init
 .init          0x080016c0        0x8 C:/ST/STM32CubeCLT_1.16.0/GNU-tools-for-STM32/bin/../lib/gcc/arm-none-eabi/12.3.1/thumb/v7e-m+fp/hard/crtn.o
 *(.fini)
 .fini          0x080016c8        0x4 C:/ST/STM32CubeCLT_1.16.0/GNU-tools-for-STM32/bin/../lib/gcc/arm-none-eabi/12.3.1/thumb/v7e-m+fp/hard/crti.o
                0x080016c8                _fini
 .fini          0x080016cc        0x8 C:/ST/STM32CubeCLT_1.16.0/GNU-tools-for-STM32/bin/../lib/gcc/arm-none-eabi/12.3.1/thumb/v7e-m+fp/hard/crtn.o
                0x080016d4                        . = ALIGN (0x4)
                0x080016d4                        _etext = .

.vfp11_veneer   0x080016d4        0x0
 .vfp11_veneer  0x080016d4        0x0 linker stubs

.v4_bx          0x080016d4        0x0
 .v4_bx         0x080016d4        0x0 linker stubs

.iplt           0x080016d4        0x0
 .iplt          0x080016d4        0x0 C:/ST/STM32CubeCLT_1.16.0/GNU-tools-for-STM32/bin/../lib/gcc/arm-none-eabi/12.3.1/thumb/v7e-m+fp/hard/crtbegin.o

.rodata         0x080016d4       0x10
                0x080016d4                        . = ALIGN (0x4)
 *(.rodata)
 *(.rodata*)
 .rodata.AHBPrescTable
                0x080016d4       0x10 CMakeFiles/STM32base.dir/Core/Src/system_stm32f4xx.c.obj
                0x080016d4                AHBPrescTable
                0x080016e4                        . = ALIGN (0x4)

.ARM.extab
 *(.ARM.extab* .gnu.linkonce.armextab.*)

.ARM            0x080016e4        0x8
                0x080016e4                        __exidx_start = .
 *(.ARM.exidx*)
 .ARM.exidx     0x080016e4        0x8 C:/ST/STM32CubeCLT_1.16.0/GNU-tools-for-STM32/bin/../lib/gcc/arm-none-eabi/12.3.1/thumb/v7e-m+fp/hard\libgcc.a(_udivmoddi4.o)
                0x080016ec                        __exidx_end = .

.rel.dyn        0x080016ec        0x0
 .rel.iplt      0x080016ec        0x0 C:/ST/STM32CubeCLT_1.16.0/GNU-tools-for-STM32/bin/../lib/gcc/arm-none-eabi/12.3.1/thumb/v7e-m+fp/hard/crtbegin.o

.preinit_array  0x080016ec        0x0
                0x080016ec                        PROVIDE (__preinit_array_start = .)
 *(.preinit_array*)
                0x080016ec                        PROVIDE (__preinit_array_end = .)

.init_array     0x080016ec        0x4
                0x080016ec                        PROVIDE (__init_array_start = .)
 *(SORT_BY_NAME(.init_array.*))
 *(.init_array*)
 .init_array    0x080016ec        0x4 C:/ST/STM32CubeCLT_1.16.0/GNU-tools-for-STM32/bin/../lib/gcc/arm-none-eabi/12.3.1/thumb/v7e-m+fp/hard/crtbegin.o
                0x080016f0                        PROVIDE (__init_array_end = .)

.fini_array     0x080016f0        0x4
                [!provide]                        PROVIDE (__fini_array_start = .)
 *(SORT_BY_NAME(.fini_array.*))
 *(.fini_array*)
 .fini_array    0x080016f0        0x4 C:/ST/STM32CubeCLT_1.16.0/GNU-tools-for-STM32/bin/../lib/gcc/arm-none-eabi/12.3.1/thumb/v7e-m+fp/hard/crtbegin.o
                [!provide]                        PROVIDE (__fini_array_end = .)
                0x080016f4                        _sidata = LOADADDR (.data)

.data           0x20000000        0xc load address 0x080016f4
                0x20000000                        . = ALIGN (0x4)
                0x20000000                        _sdata = .
 *(.data)
 *(.data*)
 .data.uwTickPrio
                0x20000000        0x4 CMakeFiles/STM32base.dir/Drivers/STM32F4xx_HAL_Driver/Src/stm32f4xx_hal.c.obj
                0x20000000                uwTickPrio
 .data.uwTickFreq
                0x20000004        0x1 CMakeFiles/STM32base.dir/Drivers/STM32F4xx_HAL_Driver/Src/stm32f4xx_hal.c.obj
                0x20000004                uwTickFreq
 *fill*         0x20000005        0x3 
 .data.SystemCoreClock
                0x20000008        0x4 CMakeFiles/STM32base.dir/Core/Src/system_stm32f4xx.c.obj
                0x20000008                SystemCoreClock
                0x2000000c                        . = ALIGN (0x4)
                0x2000000c                        _edata = .

.igot.plt       0x2000000c        0x0 load address 0x08001700
 .igot.plt      0x2000000c        0x0 C:/ST/STM32CubeCLT_1.16.0/GNU-tools-for-STM32/bin/../lib/gcc/arm-none-eabi/12.3.1/thumb/v7e-m+fp/hard/crtbegin.o
                0x2000000c                        . = ALIGN (0x4)

.bss            0x2000000c       0x20 load address 0x08001700
                0x2000000c                        _sbss = .
                0x2000000c                        __bss_start__ = _sbss
 *(.bss)
 .bss           0x2000000c       0x1c C:/ST/STM32CubeCLT_1.16.0/GNU-tools-for-STM32/bin/../lib/gcc/arm-none-eabi/12.3.1/thumb/v7e-m+fp/hard/crtbegin.o
 *(.bss*)
 .bss.uwTick    0x20000028        0x4 CMakeFiles/STM32base.dir/Drivers/STM32F4xx_HAL_Driver/Src/stm32f4xx_hal.c.obj
                0x20000028                uwTick
 *(COMMON)
                0x2000002c                        . = ALIGN (0x4)
                0x2000002c                        _ebss = .
                0x2000002c                        __bss_end__ = _ebss

._user_heap_stack
                0x2000002c      0x604 load address 0x08001700
                0x20000030                        . = ALIGN (0x8)
 *fill*         0x2000002c        0x4 
                [!provide]                        PROVIDE (end = .)
                0x20000030                        PROVIDE (_end = .)
                0x20000230                        . = (. + _Min_Heap_Size)
 *fill*         0x20000030      0x200 
                0x20000630                        . = (. + _Min_Stack_Size)
 *fill*         0x20000230      0x400 
                0x20000630                        . = ALIGN (0x8)

/DISCARD/
 libc.a(*)
 libm.a(*)
 libgcc.a(*)

.ARM.attributes
                0x00000000       0x30
 *(.ARM.attributes)
 .ARM.attributes
                0x00000000       0x22 C:/ST/STM32CubeCLT_1.16.0/GNU-tools-for-STM32/bin/../lib/gcc/arm-none-eabi/12.3.1/thumb/v7e-m+fp/hard/crti.o
 .ARM.attributes
                0x00000022       0x34 C:/ST/STM32CubeCLT_1.16.0/GNU-tools-for-STM32/bin/../lib/gcc/arm-none-eabi/12.3.1/thumb/v7e-m+fp/hard/crtbegin.o
 .ARM.attributes
                0x00000056       0x34 C:/ST/STM32CubeCLT_1.16.0/GNU-tools-for-STM32/bin/../lib/gcc/arm-none-eabi/12.3.1/../../../../arm-none-eabi/lib/thumb/v7e-m+fp/hard\libc_nano.a(libc_a-memset.o)
 .ARM.attributes
                0x0000008a       0x34 C:/ST/STM32CubeCLT_1.16.0/GNU-tools-for-STM32/bin/../lib/gcc/arm-none-eabi/12.3.1/../../../../arm-none-eabi/lib/thumb/v7e-m+fp/hard\libc_nano.a(libc_a-init.o)
 .ARM.attributes
                0x000000be       0x34 CMakeFiles/STM32base.dir/Core/Src/main.c.obj
 .ARM.attributes
                0x000000f2       0x34 CMakeFiles/STM32base.dir/Core/Src/stm32f4xx_it.c.obj
 .ARM.attributes
                0x00000126       0x34 CMakeFiles/STM32base.dir/Core/Src/stm32f4xx_hal_msp.c.obj
 .ARM.attributes
                0x0000015a       0x34 CMakeFiles/STM32base.dir/Drivers/STM32F4xx_HAL_Driver/Src/stm32f4xx_hal_rcc.c.obj
 .ARM.attributes
                0x0000018e       0x34 CMakeFiles/STM32base.dir/Drivers/STM32F4xx_HAL_Driver/Src/stm32f4xx_hal_gpio.c.obj
 .ARM.attributes
                0x000001c2       0x34 CMakeFiles/STM32base.dir/Drivers/STM32F4xx_HAL_Driver/Src/stm32f4xx_hal_cortex.c.obj
 .ARM.attributes
                0x000001f6       0x34 CMakeFiles/STM32base.dir/Drivers/STM32F4xx_HAL_Driver/Src/stm32f4xx_hal.c.obj
 .ARM.attributes
                0x0000022a       0x34 CMakeFiles/STM32base.dir/Core/Src/system_stm32f4xx.c.obj
 .ARM.attributes
                0x0000025e       0x21 CMakeFiles/STM32base.dir/startup_stm32f411xe.s.obj
 .ARM.attributes
                0x0000027f       0x22 C:/ST/STM32CubeCLT_1.16.0/GNU-tools-for-STM32/bin/../lib/gcc/arm-none-eabi/12.3.1/thumb/v7e-m+fp/hard\libgcc.a(_aeabi_uldivmod.o)
 .ARM.attributes
                0x000002a1       0x34 C:/ST/STM32CubeCLT_1.16.0/GNU-tools-for-STM32/bin/../lib/gcc/arm-none-eabi/12.3.1/thumb/v7e-m+fp/hard\libgcc.a(_udivmoddi4.o)
 .ARM.attributes
                0x000002d5       0x22 C:/ST/STM32CubeCLT_1.16.0/GNU-tools-for-STM32/bin/../lib/gcc/arm-none-eabi/12.3.1/thumb/v7e-m+fp/hard\libgcc.a(_dvmd_tls.o)
 .ARM.attributes
                0x000002f7       0x22 C:/ST/STM32CubeCLT_1.16.0/GNU-tools-for-STM32/bin/../lib/gcc/arm-none-eabi/12.3.1/thumb/v7e-m+fp/hard/crtn.o
OUTPUT(STM32base.elf elf32-littlearm)
LOAD linker stubs
LOAD C:/ST/STM32CubeCLT_1.16.0/GNU-tools-for-STM32/bin/../lib/gcc/arm-none-eabi/12.3.1/../../../../arm-none-eabi/lib/thumb/v7e-m+fp/hard\libc.a
LOAD C:/ST/STM32CubeCLT_1.16.0/GNU-tools-for-STM32/bin/../lib/gcc/arm-none-eabi/12.3.1/../../../../arm-none-eabi/lib/thumb/v7e-m+fp/hard\libm.a
LOAD C:/ST/STM32CubeCLT_1.16.0/GNU-tools-for-STM32/bin/../lib/gcc/arm-none-eabi/12.3.1/thumb/v7e-m+fp/hard\libgcc.a

.debug_frame    0x00000000      0xe88
 .debug_frame   0x00000000       0x20 C:/ST/STM32CubeCLT_1.16.0/GNU-tools-for-STM32/bin/../lib/gcc/arm-none-eabi/12.3.1/../../../../arm-none-eabi/lib/thumb/v7e-m+fp/hard\libc_nano.a(libc_a-memset.o)
 .debug_frame   0x00000020       0x2c C:/ST/STM32CubeCLT_1.16.0/GNU-tools-for-STM32/bin/../lib/gcc/arm-none-eabi/12.3.1/../../../../arm-none-eabi/lib/thumb/v7e-m+fp/hard\libc_nano.a(libc_a-init.o)
 .debug_frame   0x0000004c       0x8c CMakeFiles/STM32base.dir/Core/Src/main.c.obj
 .debug_frame   0x000000d8      0x104 CMakeFiles/STM32base.dir/Core/Src/stm32f4xx_it.c.obj
 .debug_frame   0x000001dc       0x38 CMakeFiles/STM32base.dir/Core/Src/stm32f4xx_hal_msp.c.obj
 .debug_frame   0x00000214      0x1f4 CMakeFiles/STM32base.dir/Drivers/STM32F4xx_HAL_Driver/Src/stm32f4xx_hal_rcc.c.obj
 .debug_frame   0x00000408      0x14c CMakeFiles/STM32base.dir/Drivers/STM32F4xx_HAL_Driver/Src/stm32f4xx_hal_gpio.c.obj
 .debug_frame   0x00000554      0x508 CMakeFiles/STM32base.dir/Drivers/STM32F4xx_HAL_Driver/Src/stm32f4xx_hal_cortex.c.obj
 .debug_frame   0x00000a5c      0x374 CMakeFiles/STM32base.dir/Drivers/STM32F4xx_HAL_Driver/Src/stm32f4xx_hal.c.obj
 .debug_frame   0x00000dd0       0x58 CMakeFiles/STM32base.dir/Core/Src/system_stm32f4xx.c.obj
 .debug_frame   0x00000e28       0x2c C:/ST/STM32CubeCLT_1.16.0/GNU-tools-for-STM32/bin/../lib/gcc/arm-none-eabi/12.3.1/thumb/v7e-m+fp/hard\libgcc.a(_aeabi_uldivmod.o)
 .debug_frame   0x00000e54       0x34 C:/ST/STM32CubeCLT_1.16.0/GNU-tools-for-STM32/bin/../lib/gcc/arm-none-eabi/12.3.1/thumb/v7e-m+fp/hard\libgcc.a(_udivmoddi4.o)

.debug_info     0x00000000     0x3581
 .debug_info    0x00000000      0x6c7 CMakeFiles/STM32base.dir/Core/Src/main.c.obj
 .debug_info    0x000006c7      0x112 CMakeFiles/STM32base.dir/Core/Src/stm32f4xx_it.c.obj
 .debug_info    0x000007d9      0x291 CMakeFiles/STM32base.dir/Core/Src/stm32f4xx_hal_msp.c.obj
 .debug_info    0x00000a6a      0x8f0 CMakeFiles/STM32base.dir/Drivers/STM32F4xx_HAL_Driver/Src/stm32f4xx_hal_rcc.c.obj
 .debug_info    0x0000135a      0x6f9 CMakeFiles/STM32base.dir/Drivers/STM32F4xx_HAL_Driver/Src/stm32f4xx_hal_gpio.c.obj
 .debug_info    0x00001a53      0xcfc CMakeFiles/STM32base.dir/Drivers/STM32F4xx_HAL_Driver/Src/stm32f4xx_hal_cortex.c.obj
 .debug_info    0x0000274f      0x8c4 CMakeFiles/STM32base.dir/Drivers/STM32F4xx_HAL_Driver/Src/stm32f4xx_hal.c.obj
 .debug_info    0x00003013      0x53e CMakeFiles/STM32base.dir/Core/Src/system_stm32f4xx.c.obj
 .debug_info    0x00003551       0x30 CMakeFiles/STM32base.dir/startup_stm32f411xe.s.obj

.debug_abbrev   0x00000000      0xe6e
 .debug_abbrev  0x00000000      0x1f4 CMakeFiles/STM32base.dir/Core/Src/main.c.obj
 .debug_abbrev  0x000001f4       0x73 CMakeFiles/STM32base.dir/Core/Src/stm32f4xx_it.c.obj
 .debug_abbrev  0x00000267       0xd8 CMakeFiles/STM32base.dir/Core/Src/stm32f4xx_hal_msp.c.obj
 .debug_abbrev  0x0000033f      0x2b6 CMakeFiles/STM32base.dir/Drivers/STM32F4xx_HAL_Driver/Src/stm32f4xx_hal_rcc.c.obj
 .debug_abbrev  0x000005f5      0x1d3 CMakeFiles/STM32base.dir/Drivers/STM32F4xx_HAL_Driver/Src/stm32f4xx_hal_gpio.c.obj
 .debug_abbrev  0x000007c8      0x31d CMakeFiles/STM32base.dir/Drivers/STM32F4xx_HAL_Driver/Src/stm32f4xx_hal_cortex.c.obj
 .debug_abbrev  0x00000ae5      0x24b CMakeFiles/STM32base.dir/Drivers/STM32F4xx_HAL_Driver/Src/stm32f4xx_hal.c.obj
 .debug_abbrev  0x00000d30      0x11a CMakeFiles/STM32base.dir/Core/Src/system_stm32f4xx.c.obj
 .debug_abbrev  0x00000e4a       0x24 CMakeFiles/STM32base.dir/startup_stm32f411xe.s.obj

.debug_aranges  0x00000000      0x408
 .debug_aranges
                0x00000000       0x38 CMakeFiles/STM32base.dir/Core/Src/main.c.obj
 .debug_aranges
                0x00000038       0x60 CMakeFiles/STM32base.dir/Core/Src/stm32f4xx_it.c.obj
 .debug_aranges
                0x00000098       0x20 CMakeFiles/STM32base.dir/Core/Src/stm32f4xx_hal_msp.c.obj
 .debug_aranges
                0x000000b8       0x88 CMakeFiles/STM32base.dir/Drivers/STM32F4xx_HAL_Driver/Src/stm32f4xx_hal_rcc.c.obj
 .debug_aranges
                0x00000140       0x58 CMakeFiles/STM32base.dir/Drivers/STM32F4xx_HAL_Driver/Src/stm32f4xx_hal_gpio.c.obj
 .debug_aranges
                0x00000198      0x130 CMakeFiles/STM32base.dir/Drivers/STM32F4xx_HAL_Driver/Src/stm32f4xx_hal_cortex.c.obj
 .debug_aranges
                0x000002c8       0xf0 CMakeFiles/STM32base.dir/Drivers/STM32F4xx_HAL_Driver/Src/stm32f4xx_hal.c.obj
 .debug_aranges
                0x000003b8       0x28 CMakeFiles/STM32base.dir/Core/Src/system_stm32f4xx.c.obj
 .debug_aranges
                0x000003e0       0x28 CMakeFiles/STM32base.dir/startup_stm32f411xe.s.obj

.debug_rnglists
                0x00000000      0x2e4
 .debug_rnglists
                0x00000000       0x27 CMakeFiles/STM32base.dir/Core/Src/main.c.obj
 .debug_rnglists
                0x00000027       0x43 CMakeFiles/STM32base.dir/Core/Src/stm32f4xx_it.c.obj
 .debug_rnglists
                0x0000006a       0x13 CMakeFiles/STM32base.dir/Core/Src/stm32f4xx_hal_msp.c.obj
 .debug_rnglists
                0x0000007d       0x66 CMakeFiles/STM32base.dir/Drivers/STM32F4xx_HAL_Driver/Src/stm32f4xx_hal_rcc.c.obj
 .debug_rnglists
                0x000000e3       0x3f CMakeFiles/STM32base.dir/Drivers/STM32F4xx_HAL_Driver/Src/stm32f4xx_hal_gpio.c.obj
 .debug_rnglists
                0x00000122       0xe0 CMakeFiles/STM32base.dir/Drivers/STM32F4xx_HAL_Driver/Src/stm32f4xx_hal_cortex.c.obj
 .debug_rnglists
                0x00000202       0xaf CMakeFiles/STM32base.dir/Drivers/STM32F4xx_HAL_Driver/Src/stm32f4xx_hal.c.obj
 .debug_rnglists
                0x000002b1       0x1a CMakeFiles/STM32base.dir/Core/Src/system_stm32f4xx.c.obj
 .debug_rnglists
                0x000002cb       0x19 CMakeFiles/STM32base.dir/startup_stm32f411xe.s.obj

.debug_macro    0x00000000    0x1439f
 .debug_macro   0x00000000      0x1bf CMakeFiles/STM32base.dir/Core/Src/main.c.obj
 .debug_macro   0x000001bf      0xab4 CMakeFiles/STM32base.dir/Core/Src/main.c.obj
 .debug_macro   0x00000c73      0x28f CMakeFiles/STM32base.dir/Core/Src/main.c.obj
 .debug_macro   0x00000f02       0x2e CMakeFiles/STM32base.dir/Core/Src/main.c.obj
 .debug_macro   0x00000f30       0x28 CMakeFiles/STM32base.dir/Core/Src/main.c.obj
 .debug_macro   0x00000f58       0x22 CMakeFiles/STM32base.dir/Core/Src/main.c.obj
 .debug_macro   0x00000f7a       0x8e CMakeFiles/STM32base.dir/Core/Src/main.c.obj
 .debug_macro   0x00001008       0x51 CMakeFiles/STM32base.dir/Core/Src/main.c.obj
 .debug_macro   0x00001059      0x103 CMakeFiles/STM32base.dir/Core/Src/main.c.obj
 .debug_macro   0x0000115c       0x6a CMakeFiles/STM32base.dir/Core/Src/main.c.obj
 .debug_macro   0x000011c6      0x1df CMakeFiles/STM32base.dir/Core/Src/main.c.obj
 .debug_macro   0x000013a5       0x1c CMakeFiles/STM32base.dir/Core/Src/main.c.obj
 .debug_macro   0x000013c1       0x22 CMakeFiles/STM32base.dir/Core/Src/main.c.obj
 .debug_macro   0x000013e3       0xfb CMakeFiles/STM32base.dir/Core/Src/main.c.obj
 .debug_macro   0x000014de     0x1011 CMakeFiles/STM32base.dir/Core/Src/main.c.obj
 .debug_macro   0x000024ef      0x11f CMakeFiles/STM32base.dir/Core/Src/main.c.obj
 .debug_macro   0x0000260e     0xb953 CMakeFiles/STM32base.dir/Core/Src/main.c.obj
 .debug_macro   0x0000df61       0x6d CMakeFiles/STM32base.dir/Core/Src/main.c.obj
 .debug_macro   0x0000dfce     0x369a CMakeFiles/STM32base.dir/Core/Src/main.c.obj
 .debug_macro   0x00011668      0x189 CMakeFiles/STM32base.dir/Core/Src/main.c.obj
 .debug_macro   0x000117f1       0x5c CMakeFiles/STM32base.dir/Core/Src/main.c.obj
 .debug_macro   0x0001184d      0x45c CMakeFiles/STM32base.dir/Core/Src/main.c.obj
 .debug_macro   0x00011ca9      0x9e9 CMakeFiles/STM32base.dir/Core/Src/main.c.obj
 .debug_macro   0x00012692      0x115 CMakeFiles/STM32base.dir/Core/Src/main.c.obj
 .debug_macro   0x000127a7      0x11b CMakeFiles/STM32base.dir/Core/Src/main.c.obj
 .debug_macro   0x000128c2       0xa5 CMakeFiles/STM32base.dir/Core/Src/main.c.obj
 .debug_macro   0x00012967      0x15f CMakeFiles/STM32base.dir/Core/Src/main.c.obj
 .debug_macro   0x00012ac6      0x287 CMakeFiles/STM32base.dir/Core/Src/main.c.obj
 .debug_macro   0x00012d4d       0x5f CMakeFiles/STM32base.dir/Core/Src/main.c.obj
 .debug_macro   0x00012dac      0x236 CMakeFiles/STM32base.dir/Core/Src/main.c.obj
 .debug_macro   0x00012fe2      0x132 CMakeFiles/STM32base.dir/Core/Src/main.c.obj
 .debug_macro   0x00013114      0x264 CMakeFiles/STM32base.dir/Core/Src/main.c.obj
 .debug_macro   0x00013378       0x2e CMakeFiles/STM32base.dir/Core/Src/main.c.obj
 .debug_macro   0x000133a6      0x127 CMakeFiles/STM32base.dir/Core/Src/main.c.obj
 .debug_macro   0x000134cd       0x85 CMakeFiles/STM32base.dir/Core/Src/main.c.obj
 .debug_macro   0x00013552       0x89 CMakeFiles/STM32base.dir/Core/Src/main.c.obj
 .debug_macro   0x000135db      0x126 CMakeFiles/STM32base.dir/Core/Src/main.c.obj
 .debug_macro   0x00013701       0x1c CMakeFiles/STM32base.dir/Core/Src/main.c.obj
 .debug_macro   0x0001371d      0x1c9 CMakeFiles/STM32base.dir/Core/Src/stm32f4xx_it.c.obj
 .debug_macro   0x000138e6      0x1bf CMakeFiles/STM32base.dir/Core/Src/stm32f4xx_hal_msp.c.obj
 .debug_macro   0x00013aa5      0x1d4 CMakeFiles/STM32base.dir/Drivers/STM32F4xx_HAL_Driver/Src/stm32f4xx_hal_rcc.c.obj
 .debug_macro   0x00013c79      0x1b6 CMakeFiles/STM32base.dir/Drivers/STM32F4xx_HAL_Driver/Src/stm32f4xx_hal_gpio.c.obj
 .debug_macro   0x00013e2f      0x1b0 CMakeFiles/STM32base.dir/Drivers/STM32F4xx_HAL_Driver/Src/stm32f4xx_hal_cortex.c.obj
 .debug_macro   0x00013fdf      0x210 CMakeFiles/STM32base.dir/Drivers/STM32F4xx_HAL_Driver/Src/stm32f4xx_hal.c.obj
 .debug_macro   0x000141ef      0x1b0 CMakeFiles/STM32base.dir/Core/Src/system_stm32f4xx.c.obj

.debug_line     0x00000000     0x55b1
 .debug_line    0x00000000      0x8aa CMakeFiles/STM32base.dir/Core/Src/main.c.obj
 .debug_line    0x000008aa      0x8ba CMakeFiles/STM32base.dir/Core/Src/stm32f4xx_it.c.obj
 .debug_line    0x00001164      0x7f8 CMakeFiles/STM32base.dir/Core/Src/stm32f4xx_hal_msp.c.obj
 .debug_line    0x0000195c      0xe6e CMakeFiles/STM32base.dir/Drivers/STM32F4xx_HAL_Driver/Src/stm32f4xx_hal_rcc.c.obj
 .debug_line    0x000027ca      0xc35 CMakeFiles/STM32base.dir/Drivers/STM32F4xx_HAL_Driver/Src/stm32f4xx_hal_gpio.c.obj
 .debug_line    0x000033ff      0xdd7 CMakeFiles/STM32base.dir/Drivers/STM32F4xx_HAL_Driver/Src/stm32f4xx_hal_cortex.c.obj
 .debug_line    0x000041d6      0xae5 CMakeFiles/STM32base.dir/Drivers/STM32F4xx_HAL_Driver/Src/stm32f4xx_hal.c.obj
 .debug_line    0x00004cbb      0x87c CMakeFiles/STM32base.dir/Core/Src/system_stm32f4xx.c.obj
 .debug_line    0x00005537       0x7a CMakeFiles/STM32base.dir/startup_stm32f411xe.s.obj

.debug_str      0x00000000    0x7f805
 .debug_str     0x00000000    0x7e28c CMakeFiles/STM32base.dir/Core/Src/main.c.obj
                              0x7e50c (size before relaxing)
 .debug_str     0x0007e28c      0x122 CMakeFiles/STM32base.dir/Core/Src/stm32f4xx_it.c.obj
                              0x7e1dd (size before relaxing)
 .debug_str     0x0007e3ae       0x85 CMakeFiles/STM32base.dir/Core/Src/stm32f4xx_hal_msp.c.obj
                              0x7e269 (size before relaxing)
 .debug_str     0x0007e433      0x31a CMakeFiles/STM32base.dir/Drivers/STM32F4xx_HAL_Driver/Src/stm32f4xx_hal_rcc.c.obj
                              0x7e6ea (size before relaxing)
 .debug_str     0x0007e74d      0x177 CMakeFiles/STM32base.dir/Drivers/STM32F4xx_HAL_Driver/Src/stm32f4xx_hal_gpio.c.obj
                              0x7e431 (size before relaxing)
 .debug_str     0x0007e8c4      0x843 CMakeFiles/STM32base.dir/Drivers/STM32F4xx_HAL_Driver/Src/stm32f4xx_hal_cortex.c.obj
                              0x7ea4c (size before relaxing)
 .debug_str     0x0007f107      0x5cd CMakeFiles/STM32base.dir/Drivers/STM32F4xx_HAL_Driver/Src/stm32f4xx_hal.c.obj
                              0x7ece2 (size before relaxing)
 .debug_str     0x0007f6d4       0xa3 CMakeFiles/STM32base.dir/Core/Src/system_stm32f4xx.c.obj
                              0x7e2b6 (size before relaxing)
 .debug_str     0x0007f777       0x8e CMakeFiles/STM32base.dir/startup_stm32f411xe.s.obj
                                 0xf6 (size before relaxing)

.comment        0x00000000       0x43
 .comment       0x00000000       0x43 CMakeFiles/STM32base.dir/Core/Src/main.c.obj
                                 0x44 (size before relaxing)
 .comment       0x00000043       0x44 CMakeFiles/STM32base.dir/Core/Src/stm32f4xx_it.c.obj
 .comment       0x00000043       0x44 CMakeFiles/STM32base.dir/Core/Src/stm32f4xx_hal_msp.c.obj
 .comment       0x00000043       0x44 CMakeFiles/STM32base.dir/Drivers/STM32F4xx_HAL_Driver/Src/stm32f4xx_hal_rcc.c.obj
 .comment       0x00000043       0x44 CMakeFiles/STM32base.dir/Drivers/STM32F4xx_HAL_Driver/Src/stm32f4xx_hal_gpio.c.obj
 .comment       0x00000043       0x44 CMakeFiles/STM32base.dir/Drivers/STM32F4xx_HAL_Driver/Src/stm32f4xx_hal_cortex.c.obj
 .comment       0x00000043       0x44 CMakeFiles/STM32base.dir/Drivers/STM32F4xx_HAL_Driver/Src/stm32f4xx_hal.c.obj
 .comment       0x00000043       0x44 CMakeFiles/STM32base.dir/Core/Src/system_stm32f4xx.c.obj

.debug_line_str
                0x00000000       0xda
 .debug_line_str
                0x00000000       0xda CMakeFiles/STM32base.dir/startup_stm32f411xe.s.obj
